127.0.0.1 - - [11/Oct/2019:03:09:28 +0200] "GET / HTTP/1.1" 404 1074
0:0:0:0:0:0:0:1 - - [11/Oct/2019:03:09:29 +0200] "GET /HerokuDemo/servlet/test HTTP/1.1" 404 1105
0:0:0:0:0:0:0:1 - - [11/Oct/2019:03:09:36 +0200] "GET /HerokuDemo/test HTTP/1.1" 500 3728
0:0:0:0:0:0:0:1 - - [11/Oct/2019:03:14:08 +0200] "GET /HerokuDemo/servlet/test HTTP/1.1" 404 1105
127.0.0.1 - - [11/Oct/2019:03:14:19 +0200] "GET / HTTP/1.1" 404 1074
0:0:0:0:0:0:0:1 - - [11/Oct/2019:03:14:20 +0200] "GET /HerokuDemo/servlet/test HTTP/1.1" 404 1105
0:0:0:0:0:0:0:1 - - [11/Oct/2019:03:14:26 +0200] "GET /HerokuDemo/test HTTP/1.1" 500 3728
0:0:0:0:0:0:0:1 - - [11/Oct/2019:03:15:19 +0200] "GET /HerokuDemo/servlet/test HTTP/1.1" 404 1105
127.0.0.1 - - [11/Oct/2019:03:15:29 +0200] "GET / HTTP/1.1" 404 1074
0:0:0:0:0:0:0:1 - - [11/Oct/2019:03:15:30 +0200] "GET /HerokuDemo/servlet/test HTTP/1.1" 404 1105
0:0:0:0:0:0:0:1 - - [11/Oct/2019:03:15:40 +0200] "GET /HerokuDemo/test HTTP/1.1" 500 2296
127.0.0.1 - - [11/Oct/2019:03:16:47 +0200] "GET / HTTP/1.1" 404 1074
0:0:0:0:0:0:0:1 - - [11/Oct/2019:03:16:48 +0200] "GET /HerokuDemo/servlet/test HTTP/1.1" 404 1105
0:0:0:0:0:0:0:1 - - [11/Oct/2019:03:16:55 +0200] "GET /HerokuDemo/test HTTP/1.1" 500 2296
127.0.0.1 - - [11/Oct/2019:03:17:49 +0200] "GET / HTTP/1.1" 404 1074
0:0:0:0:0:0:0:1 - - [11/Oct/2019:03:17:50 +0200] "GET /HerokuDemo/servlet/test HTTP/1.1" 404 1105
0:0:0:0:0:0:0:1 - - [11/Oct/2019:03:17:57 +0200] "GET /HerokuDemo/test HTTP/1.1" 500 2296
127.0.0.1 - - [11/Oct/2019:03:19:54 +0200] "GET / HTTP/1.1" 404 1074
0:0:0:0:0:0:0:1 - - [11/Oct/2019:03:19:55 +0200] "GET /HerokuDemo/servlet/test HTTP/1.1" 404 1105
0:0:0:0:0:0:0:1 - - [11/Oct/2019:03:20:01 +0200] "GET /HerokuDemo/test HTTP/1.1" 500 2296
127.0.0.1 - - [11/Oct/2019:03:21:24 +0200] "GET / HTTP/1.1" 404 1074
127.0.0.1 - - [11/Oct/2019:03:21:35 +0200] "GET / HTTP/1.1" 404 1074
127.0.0.1 - - [11/Oct/2019:03:21:49 +0200] "GET / HTTP/1.1" 404 1074
0:0:0:0:0:0:0:1 - - [11/Oct/2019:03:22:42 +0200] "GET /javabip-itest/BIPMonitor HTTP/1.1" 404 1102
0:0:0:0:0:0:0:1 - - [11/Oct/2019:03:22:47 +0200] "GET /javabip-itest/ HTTP/1.1" 404 1092
0:0:0:0:0:0:0:1 - - [11/Oct/2019:03:22:59 +0200] "GET /HerokuDemo HTTP/1.1" 302 -
0:0:0:0:0:0:0:1 - - [11/Oct/2019:03:23:00 +0200] "GET /HerokuDemo/ HTTP/1.1" 200 57
0:0:0:0:0:0:0:1 - - [11/Oct/2019:03:23:04 +0200] "GET /HerokuDemo/test HTTP/1.1" 500 2296
127.0.0.1 - - [11/Oct/2019:03:24:10 +0200] "GET / HTTP/1.1" 404 1074
0:0:0:0:0:0:0:1 - - [11/Oct/2019:03:24:18 +0200] "GET /HerokuDemo/test HTTP/1.1" 500 2296
127.0.0.1 - - [11/Oct/2019:03:24:51 +0200] "GET / HTTP/1.1" 404 1074
127.0.0.1 - - [11/Oct/2019:03:25:22 +0200] "GET / HTTP/1.1" 404 1074
0:0:0:0:0:0:0:1 - - [11/Oct/2019:03:25:31 +0200] "GET /HerokuDemo/test HTTP/1.1" 500 1423
127.0.0.1 - - [11/Oct/2019:03:26:40 +0200] "GET / HTTP/1.1" 404 1074
0:0:0:0:0:0:0:1 - - [11/Oct/2019:03:26:40 +0200] "GET /HerokuDemo/servlet/test HTTP/1.1" 404 1105
0:0:0:0:0:0:0:1 - - [11/Oct/2019:03:26:48 +0200] "GET /HerokuDemo/test HTTP/1.1" 500 2310
0:0:0:0:0:0:0:1 - - [11/Oct/2019:03:29:39 +0200] "GET /HerokuDemo/servlet/test HTTP/1.1" 404 1105
127.0.0.1 - - [11/Oct/2019:03:30:24 +0200] "GET / HTTP/1.1" 404 1074
0:0:0:0:0:0:0:1 - - [11/Oct/2019:03:30:25 +0200] "GET /HerokuDemo/servlet/test HTTP/1.1" 404 1105
0:0:0:0:0:0:0:1 - - [11/Oct/2019:03:30:32 +0200] "GET /HerokuDemo/test HTTP/1.1" 500 2310
0:0:0:0:0:0:0:1 - - [11/Oct/2019:03:32:21 +0200] "GET /HerokuDemo/servlet/test HTTP/1.1" 404 1105
0:0:0:0:0:0:0:1 - - [11/Oct/2019:03:32:28 +0200] "GET /HerokuDemo/test HTTP/1.1" 200 -
127.0.0.1 - - [11/Oct/2019:03:33:27 +0200] "GET / HTTP/1.1" 404 1074
0:0:0:0:0:0:0:1 - - [11/Oct/2019:03:33:28 +0200] "GET /HerokuDemo/servlet/test HTTP/1.1" 404 1105
0:0:0:0:0:0:0:1 - - [11/Oct/2019:03:33:35 +0200] "GET /HerokuDemo/test HTTP/1.1" 500 2296
127.0.0.1 - - [11/Oct/2019:03:49:56 +0200] "GET / HTTP/1.1" 404 1074
0:0:0:0:0:0:0:1 - - [11/Oct/2019:03:49:57 +0200] "GET /HerokuDemo/servlet/test HTTP/1.1" 404 1105
0:0:0:0:0:0:0:1 - - [11/Oct/2019:03:50:02 +0200] "GET /HerokuDemo/test HTTP/1.1" 500 2296
127.0.0.1 - - [11/Oct/2019:03:51:32 +0200] "GET / HTTP/1.1" 404 1074
0:0:0:0:0:0:0:1 - - [11/Oct/2019:03:51:33 +0200] "GET /HerokuDemo/servlet/test HTTP/1.1" 404 1105
0:0:0:0:0:0:0:1 - - [11/Oct/2019:03:51:39 +0200] "GET /HerokuDemo/test HTTP/1.1" 500 2406
127.0.0.1 - - [11/Oct/2019:03:58:16 +0200] "GET / HTTP/1.1" 404 1074
0:0:0:0:0:0:0:1 - - [11/Oct/2019:03:58:17 +0200] "GET /HerokuDemo/ HTTP/1.1" 200 57
127.0.0.1 - - [11/Oct/2019:03:59:16 +0200] "GET / HTTP/1.1" 404 1074
0:0:0:0:0:0:0:1 - - [11/Oct/2019:03:59:16 +0200] "GET /HerokuDemo/servlet/test HTTP/1.1" 404 1105
127.0.0.1 - - [11/Oct/2019:04:00:24 +0200] "GET / HTTP/1.1" 404 1074
0:0:0:0:0:0:0:1 - - [11/Oct/2019:04:00:25 +0200] "GET /HerokuDemo/servlet/test HTTP/1.1" 404 1105
127.0.0.1 - - [11/Oct/2019:04:01:04 +0200] "GET / HTTP/1.1" 404 1074
0:0:0:0:0:0:0:1 - - [11/Oct/2019:04:01:05 +0200] "GET /HerokuDemo/servlet/test HTTP/1.1" 404 1105
127.0.0.1 - - [11/Oct/2019:04:02:43 +0200] "GET / HTTP/1.1" 404 1074
0:0:0:0:0:0:0:1 - - [11/Oct/2019:04:02:44 +0200] "GET /HerokuDemo/servlet/test HTTP/1.1" 404 1105
127.0.0.1 - - [11/Oct/2019:04:04:03 +0200] "GET / HTTP/1.1" 404 1074
0:0:0:0:0:0:0:1 - - [11/Oct/2019:04:04:04 +0200] "GET /HerokuDemo/servlet/test HTTP/1.1" 404 1105
127.0.0.1 - - [11/Oct/2019:04:10:10 +0200] "GET / HTTP/1.1" 404 1074
0:0:0:0:0:0:0:1 - - [11/Oct/2019:04:10:11 +0200] "GET /HerokuDemo/servlet/test HTTP/1.1" 404 1105
127.0.0.1 - - [11/Oct/2019:04:11:19 +0200] "GET / HTTP/1.1" 404 1074
0:0:0:0:0:0:0:1 - - [11/Oct/2019:04:11:20 +0200] "GET /HerokuDemo/servlet/test HTTP/1.1" 404 1105
127.0.0.1 - - [11/Oct/2019:04:11:55 +0200] "GET / HTTP/1.1" 404 1074
0:0:0:0:0:0:0:1 - - [11/Oct/2019:04:11:56 +0200] "GET /HerokuDemo/servlet/test HTTP/1.1" 404 1105
127.0.0.1 - - [11/Oct/2019:04:13:03 +0200] "GET / HTTP/1.1" 404 1074
0:0:0:0:0:0:0:1 - - [11/Oct/2019:04:13:04 +0200] "GET /HerokuDemo/servlet/test HTTP/1.1" 404 1105
127.0.0.1 - - [11/Oct/2019:04:17:51 +0200] "GET / HTTP/1.1" 404 1074
0:0:0:0:0:0:0:1 - - [11/Oct/2019:04:17:52 +0200] "GET /HerokuDemo/servlet/test HTTP/1.1" 404 1105
127.0.0.1 - - [11/Oct/2019:04:24:24 +0200] "GET / HTTP/1.1" 404 1074
0:0:0:0:0:0:0:1 - - [11/Oct/2019:04:24:25 +0200] "GET /HerokuDemo/servlet/test HTTP/1.1" 404 1105
127.0.0.1 - - [11/Oct/2019:04:25:33 +0200] "GET / HTTP/1.1" 404 1074
0:0:0:0:0:0:0:1 - - [11/Oct/2019:04:25:34 +0200] "GET /HerokuDemo/servlet/test HTTP/1.1" 404 1105
127.0.0.1 - - [11/Oct/2019:04:28:19 +0200] "GET / HTTP/1.1" 404 1074
0:0:0:0:0:0:0:1 - - [11/Oct/2019:04:28:20 +0200] "GET /HerokuDemo/servlet/test HTTP/1.1" 404 1105
127.0.0.1 - - [11/Oct/2019:04:30:43 +0200] "GET / HTTP/1.1" 404 1074
0:0:0:0:0:0:0:1 - - [11/Oct/2019:04:30:44 +0200] "GET /HerokuDemo/servlet/test HTTP/1.1" 404 1105
127.0.0.1 - - [11/Oct/2019:04:33:04 +0200] "GET / HTTP/1.1" 404 1074
0:0:0:0:0:0:0:1 - - [11/Oct/2019:04:33:05 +0200] "GET /HerokuDemo/servlet/test HTTP/1.1" 404 1105
127.0.0.1 - - [11/Oct/2019:04:34:13 +0200] "GET / HTTP/1.1" 404 1074
0:0:0:0:0:0:0:1 - - [11/Oct/2019:04:34:14 +0200] "GET /HerokuDemo/servlet/test HTTP/1.1" 404 1105
127.0.0.1 - - [11/Oct/2019:04:36:36 +0200] "GET / HTTP/1.1" 404 1074
0:0:0:0:0:0:0:1 - - [11/Oct/2019:04:36:37 +0200] "GET /HerokuDemo/servlet/test HTTP/1.1" 404 1105
127.0.0.1 - - [11/Oct/2019:04:38:37 +0200] "GET / HTTP/1.1" 404 1074
0:0:0:0:0:0:0:1 - - [11/Oct/2019:04:38:38 +0200] "GET /HerokuDemo/servlet/test HTTP/1.1" 404 1105
127.0.0.1 - - [11/Oct/2019:04:40:01 +0200] "GET / HTTP/1.1" 404 1074
0:0:0:0:0:0:0:1 - - [11/Oct/2019:04:40:02 +0200] "GET /HerokuDemo/servlet/test HTTP/1.1" 404 1105
127.0.0.1 - - [11/Oct/2019:04:43:33 +0200] "GET / HTTP/1.1" 404 1074
0:0:0:0:0:0:0:1 - - [11/Oct/2019:04:43:34 +0200] "GET /HerokuDemo/servlet/test HTTP/1.1" 404 1105
127.0.0.1 - - [11/Oct/2019:04:44:35 +0200] "GET / HTTP/1.1" 404 1074
0:0:0:0:0:0:0:1 - - [11/Oct/2019:04:44:36 +0200] "GET /HerokuDemo/servlet/test HTTP/1.1" 404 1105
0:0:0:0:0:0:0:1 - - [11/Oct/2019:04:44:46 +0200] "GET /HerokuDemo/test HTTP/1.1" 200 -
127.0.0.1 - - [11/Oct/2019:04:59:59 +0200] "GET / HTTP/1.1" 404 1074
0:0:0:0:0:0:0:1 - - [11/Oct/2019:05:00:00 +0200] "GET /HerokuDemo/servlet/test HTTP/1.1" 404 1105
127.0.0.1 - - [11/Oct/2019:05:02:42 +0200] "GET / HTTP/1.1" 404 1074
127.0.0.1 - - [11/Oct/2019:05:02:43 +0200] "GET /HerokuDemo/servlet/test HTTP/1.1" 404 1105
127.0.0.1 - - [11/Oct/2019:05:06:04 +0200] "GET / HTTP/1.1" 404 1074
0:0:0:0:0:0:0:1 - - [11/Oct/2019:05:06:05 +0200] "GET /HerokuDemo/servlet/test HTTP/1.1" 404 1105
127.0.0.1 - - [11/Oct/2019:05:13:34 +0200] "GET / HTTP/1.1" 404 1074
0:0:0:0:0:0:0:1 - - [11/Oct/2019:05:13:35 +0200] "GET /HerokuDemo/servlet/test HTTP/1.1" 404 1105
0:0:0:0:0:0:0:1 - - [11/Oct/2019:05:13:40 +0200] "GET /HerokuDemo/test HTTP/1.1" 500 2302
127.0.0.1 - - [11/Oct/2019:05:14:33 +0200] "GET / HTTP/1.1" 404 1074
0:0:0:0:0:0:0:1 - - [11/Oct/2019:05:14:34 +0200] "GET /HerokuDemo/servlet/test HTTP/1.1" 404 1105
0:0:0:0:0:0:0:1 - - [11/Oct/2019:05:14:45 +0200] "GET /HerokuDemo/test HTTP/1.1" 200 -
127.0.0.1 - - [11/Oct/2019:05:29:57 +0200] "GET / HTTP/1.1" 404 1074
0:0:0:0:0:0:0:1 - - [11/Oct/2019:05:30:05 +0200] "GET /HerokuDemo/test HTTP/1.1" 200 -
0:0:0:0:0:0:0:1 - - [11/Oct/2019:05:30:21 +0200] "GET /HerokuDemo/moni HTTP/1.1" 200 1011
0:0:0:0:0:0:0:1 - - [11/Oct/2019:05:30:21 +0200] "GET /HerokuDemo/styles.css HTTP/1.1" 200 89
0:0:0:0:0:0:0:1 - - [11/Oct/2019:05:30:23 +0200] "GET /HerokuDemo/moni?serverAddress=https%3A%2F%2Fcompute1.herokuapp.com%2Frequest&add=Add+server HTTP/1.1" 200 1011
127.0.0.1 - - [11/Oct/2019:05:57:02 +0200] "GET / HTTP/1.1" 404 1074
0:0:0:0:0:0:0:1 - - [11/Oct/2019:05:57:10 +0200] "GET /HerokuDemo/test HTTP/1.1" 200 -
127.0.0.1 - - [11/Oct/2019:05:57:23 +0200] "GET / HTTP/1.1" 404 1074
0:0:0:0:0:0:0:1 - - [11/Oct/2019:05:57:25 +0200] "GET /HerokuDemo/moni HTTP/1.1" 200 1011
127.0.0.1 - - [11/Oct/2019:06:00:59 +0200] "GET / HTTP/1.1" 404 1074
0:0:0:0:0:0:0:1 - - [11/Oct/2019:06:01:00 +0200] "GET /HerokuDemo/moni HTTP/1.1" 200 1011
127.0.0.1 - - [11/Oct/2019:07:26:26 +0200] "GET / HTTP/1.1" 404 1074
0:0:0:0:0:0:0:1 - - [11/Oct/2019:07:26:28 +0200] "GET /App/servlet/test HTTP/1.1" 404 1098
0:0:0:0:0:0:0:1 - - [11/Oct/2019:07:26:32 +0200] "GET /App/test HTTP/1.1" 500 4061
127.0.0.1 - - [11/Oct/2019:07:29:23 +0200] "GET / HTTP/1.1" 404 1074
0:0:0:0:0:0:0:1 - - [11/Oct/2019:07:29:24 +0200] "GET /App/servlet/test HTTP/1.1" 404 1098
127.0.0.1 - - [11/Oct/2019:07:31:09 +0200] "GET / HTTP/1.1" 404 1074
0:0:0:0:0:0:0:1 - - [11/Oct/2019:07:31:10 +0200] "GET /App/servlet/test HTTP/1.1" 404 1098
0:0:0:0:0:0:0:1 - - [11/Oct/2019:07:31:21 +0200] "GET /App/test HTTP/1.1" 500 4061
127.0.0.1 - - [11/Oct/2019:07:33:21 +0200] "GET / HTTP/1.1" 404 1074
0:0:0:0:0:0:0:1 - - [11/Oct/2019:07:33:23 +0200] "GET /App/servlet/test HTTP/1.1" 404 1098
127.0.0.1 - - [11/Oct/2019:07:34:23 +0200] "GET / HTTP/1.1" 404 1074
0:0:0:0:0:0:0:1 - - [11/Oct/2019:07:34:24 +0200] "GET /App/servlet/test HTTP/1.1" 404 1098
0:0:0:0:0:0:0:1 - - [11/Oct/2019:07:34:32 +0200] "GET /App/test HTTP/1.1" 500 1828
127.0.0.1 - - [11/Oct/2019:07:35:50 +0200] "GET / HTTP/1.1" 404 1074
0:0:0:0:0:0:0:1 - - [11/Oct/2019:07:35:51 +0200] "GET /App/servlet/test HTTP/1.1" 404 1098
127.0.0.1 - - [11/Oct/2019:07:37:39 +0200] "GET / HTTP/1.1" 404 1074
0:0:0:0:0:0:0:1 - - [11/Oct/2019:07:37:40 +0200] "GET /App/servlet/test HTTP/1.1" 404 1098
0:0:0:0:0:0:0:1 - - [11/Oct/2019:07:37:45 +0200] "GET /App/test HTTP/1.1" 500 3796
127.0.0.1 - - [11/Oct/2019:07:41:22 +0200] "GET / HTTP/1.1" 404 1074
0:0:0:0:0:0:0:1 - - [11/Oct/2019:07:41:23 +0200] "GET /App/servlet/test HTTP/1.1" 404 1098
0:0:0:0:0:0:0:1 - - [11/Oct/2019:07:41:27 +0200] "GET /App/test HTTP/1.1" 500 1828
127.0.0.1 - - [11/Oct/2019:07:45:50 +0200] "GET / HTTP/1.1" 404 1074
0:0:0:0:0:0:0:1 - - [11/Oct/2019:07:45:51 +0200] "GET /App/servlet/test HTTP/1.1" 404 1098
0:0:0:0:0:0:0:1 - - [11/Oct/2019:07:45:56 +0200] "GET /App/test HTTP/1.1" 500 1828
127.0.0.1 - - [11/Oct/2019:07:47:36 +0200] "GET / HTTP/1.1" 404 1074
0:0:0:0:0:0:0:1 - - [11/Oct/2019:07:47:43 +0200] "GET /HerokuDemo/test HTTP/1.1" 200 -
127.0.0.1 - - [11/Oct/2019:09:05:43 +0200] "GET / HTTP/1.1" 404 1074
0:0:0:0:0:0:0:1 - - [11/Oct/2019:09:05:51 +0200] "GET /HerokuDemo/test HTTP/1.1" 200 -
127.0.0.1 - - [11/Oct/2019:10:02:51 +0200] "GET / HTTP/1.1" 404 1074
127.0.0.1 - - [11/Oct/2019:10:05:04 +0200] "GET / HTTP/1.1" 404 1074
0:0:0:0:0:0:0:1 - - [11/Oct/2019:10:05:11 +0200] "GET /HerokuDemo/test HTTP/1.1" 200 -
127.0.0.1 - - [11/Oct/2019:10:06:27 +0200] "GET / HTTP/1.1" 404 1074
0:0:0:0:0:0:0:1 - - [11/Oct/2019:10:06:28 +0200] "GET /App/BIPMonitor HTTP/1.1" 500 3750
0:0:0:0:0:0:0:1 - - [11/Oct/2019:10:06:48 +0200] "GET /App/servlet/test HTTP/1.1" 404 1098
0:0:0:0:0:0:0:1 - - [11/Oct/2019:10:06:53 +0200] "GET /App/test HTTP/1.1" 500 1828
127.0.0.1 - - [11/Oct/2019:10:08:29 +0200] "GET / HTTP/1.1" 404 1074
0:0:0:0:0:0:0:1 - - [11/Oct/2019:10:08:30 +0200] "GET /App/servlet/test HTTP/1.1" 404 1098
0:0:0:0:0:0:0:1 - - [11/Oct/2019:10:08:35 +0200] "GET /App/test HTTP/1.1" 500 3687
127.0.0.1 - - [11/Oct/2019:10:10:05 +0200] "GET / HTTP/1.1" 404 1074
0:0:0:0:0:0:0:1 - - [11/Oct/2019:10:10:06 +0200] "GET /App/servlet/test HTTP/1.1" 404 1098
0:0:0:0:0:0:0:1 - - [11/Oct/2019:10:10:17 +0200] "GET /App/test HTTP/1.1" 500 3687
127.0.0.1 - - [11/Oct/2019:10:13:39 +0200] "GET / HTTP/1.1" 404 1074
0:0:0:0:0:0:0:1 - - [11/Oct/2019:10:13:40 +0200] "GET /App/test HTTP/1.1" 500 3728
127.0.0.1 - - [11/Oct/2019:10:15:30 +0200] "GET / HTTP/1.1" 404 1074
0:0:0:0:0:0:0:1 - - [11/Oct/2019:10:15:31 +0200] "GET /App/test HTTP/1.1" 500 3728
127.0.0.1 - - [11/Oct/2019:10:16:06 +0200] "GET / HTTP/1.1" 404 1074
0:0:0:0:0:0:0:1 - - [11/Oct/2019:10:16:08 +0200] "GET /App/test HTTP/1.1" 500 3728
127.0.0.1 - - [11/Oct/2019:10:17:38 +0200] "GET / HTTP/1.1" 404 1074
0:0:0:0:0:0:0:1 - - [11/Oct/2019:10:17:39 +0200] "GET /App/test HTTP/1.1" 500 3728
127.0.0.1 - - [11/Oct/2019:10:18:53 +0200] "GET / HTTP/1.1" 404 1074
0:0:0:0:0:0:0:1 - - [11/Oct/2019:10:18:54 +0200] "GET /App/test HTTP/1.1" 500 3728
127.0.0.1 - - [11/Oct/2019:10:20:18 +0200] "GET / HTTP/1.1" 404 1074
0:0:0:0:0:0:0:1 - - [11/Oct/2019:10:20:19 +0200] "GET /App/test HTTP/1.1" 500 3728
127.0.0.1 - - [11/Oct/2019:10:24:32 +0200] "GET / HTTP/1.1" 404 1074
0:0:0:0:0:0:0:1 - - [11/Oct/2019:10:24:33 +0200] "GET /App/test HTTP/1.1" 500 3728
127.0.0.1 - - [11/Oct/2019:10:26:14 +0200] "GET / HTTP/1.1" 404 1074
127.0.0.1 - - [11/Oct/2019:10:58:40 +0200] "GET / HTTP/1.1" 404 1074
0:0:0:0:0:0:0:1 - - [11/Oct/2019:10:58:48 +0200] "GET /HerokuDemo/test HTTP/1.1" 200 -
127.0.0.1 - - [11/Oct/2019:11:04:34 +0200] "GET / HTTP/1.1" 404 1074
0:0:0:0:0:0:0:1 - - [11/Oct/2019:11:04:36 +0200] "GET /HerokuDemo/servlet/monitor.BIPMonitor HTTP/1.1" 404 1119
0:0:0:0:0:0:0:1 - - [11/Oct/2019:11:04:46 +0200] "GET /HerokuDemo/BIPMonitor HTTP/1.1" 404 1047
0:0:0:0:0:0:0:1 - - [11/Oct/2019:11:04:55 +0200] "GET /HerokuDemo/BIPMonitor HTTP/1.1" 404 1047
0:0:0:0:0:0:0:1 - - [11/Oct/2019:11:04:56 +0200] "GET /HerokuDemo/BIPMonitor HTTP/1.1" 404 1047
0:0:0:0:0:0:0:1 - - [11/Oct/2019:11:04:56 +0200] "GET /HerokuDemo/BIPMonitor HTTP/1.1" 404 1047
127.0.0.1 - - [11/Oct/2019:11:06:28 +0200] "GET / HTTP/1.1" 404 1074
0:0:0:0:0:0:0:1 - - [11/Oct/2019:11:06:30 +0200] "GET /HerokuDemo/BIPMonitor HTTP/1.1" 200 2549
0:0:0:0:0:0:0:1 - - [11/Oct/2019:11:06:30 +0200] "GET /HerokuDemo/styles.css HTTP/1.1" 200 89
127.0.0.1 - - [11/Oct/2019:11:14:59 +0200] "GET / HTTP/1.1" 404 1074
0:0:0:0:0:0:0:1 - - [11/Oct/2019:11:15:00 +0200] "GET /HerokuDemo/BIPMonitor HTTP/1.1" 200 2549
0:0:0:0:0:0:0:1 - - [11/Oct/2019:11:15:05 +0200] "GET /HerokuDemo/BIPMonitor?serverAddress=http%3A%2F%2Flocalhost%3A8080%2Fjavabip-itest%2Freq&add=Add+server HTTP/1.1" 200 2659
0:0:0:0:0:0:0:1 - - [11/Oct/2019:11:15:08 +0200] "GET /HerokuDemo/BIPMonitor?serverAddress=http%3A%2F%2Flocalhost%3A8080%2Fjavabip-itest%2Freq&addedServer=http%3A%2F%2Flocalhost%3A8080%2Fjavabip-itest%2Freq&chooseServer=Choose+initial+server HTTP/1.1" 200 2737
127.0.0.1 - - [11/Oct/2019:11:15:15 +0200] "GET /javabip-itest/req HTTP/1.1" 404 1095
127.0.0.1 - - [11/Oct/2019:11:15:28 +0200] "GET /javabip-itest/req HTTP/1.1" 404 1095
0:0:0:0:0:0:0:1 - - [11/Oct/2019:11:20:24 +0200] "GET /HerokuDemo/Compute HTTP/1.1" 404 1096
0:0:0:0:0:0:0:1 - - [11/Oct/2019:11:20:32 +0200] "GET /HerokuDemo/compute HTTP/1.1" 500 2029
127.0.0.1 - - [11/Oct/2019:11:21:03 +0200] "GET /javabip-itest/req HTTP/1.1" 404 1095
127.0.0.1 - - [11/Oct/2019:12:42:32 +0200] "GET / HTTP/1.1" 404 1074
127.0.0.1 - - [11/Oct/2019:12:42:33 +0200] "GET /HerokuDemo/BIPMonitor HTTP/1.1" 200 2549
127.0.0.1 - - [11/Oct/2019:12:42:36 +0200] "GET /HerokuDemo/BIPMonitor?serverAddress=http%3A%2F%2Flocalhost%3A8080%2Fjavabip-itest%2Freq&add=Add+server HTTP/1.1" 200 2659
127.0.0.1 - - [11/Oct/2019:12:42:39 +0200] "GET /HerokuDemo/BIPMonitor?serverAddress=http%3A%2F%2Flocalhost%3A8080%2Fjavabip-itest%2Freq&addedServer=http%3A%2F%2Flocalhost%3A8080%2Fjavabip-itest%2Freq&chooseServer=Choose+initial+server HTTP/1.1" 200 2737
127.0.0.1 - - [11/Oct/2019:12:42:45 +0200] "GET /javabip-itest/req HTTP/1.1" 404 1095
127.0.0.1 - - [11/Oct/2019:12:46:17 +0200] "GET / HTTP/1.1" 404 1074
127.0.0.1 - - [11/Oct/2019:12:46:19 +0200] "GET /HerokuDemo/BIPMonitor HTTP/1.1" 200 2549
127.0.0.1 - - [11/Oct/2019:12:50:11 +0200] "GET / HTTP/1.1" 404 1074
0:0:0:0:0:0:0:1 - - [11/Oct/2019:12:50:12 +0200] "GET /HerokuDemo/BIPMonitor HTTP/1.1" 200 2549
0:0:0:0:0:0:0:1 - - [11/Oct/2019:12:50:27 +0200] "GET /HerokuDemo/BIPMonitor?serverAddress=http%3A%2F%2Flocalhost%3A8080%2Fjavabip-itest%2Freq&add=Add+server HTTP/1.1" 200 2659
0:0:0:0:0:0:0:1 - - [11/Oct/2019:12:50:29 +0200] "GET /HerokuDemo/BIPMonitor?serverAddress=http%3A%2F%2Flocalhost%3A8080%2Fjavabip-itest%2Freq&addedServer=http%3A%2F%2Flocalhost%3A8080%2Fjavabip-itest%2Freq&chooseServer=Choose+initial+server HTTP/1.1" 200 2737
127.0.0.1 - - [11/Oct/2019:12:50:34 +0200] "GET /javabip-itest/req HTTP/1.1" 404 1095
127.0.0.1 - - [11/Oct/2019:12:55:56 +0200] "GET / HTTP/1.1" 404 1074
0:0:0:0:0:0:0:1 - - [11/Oct/2019:12:55:57 +0200] "GET /HerokuDemo/BIPMonitor HTTP/1.1" 200 2549
0:0:0:0:0:0:0:1 - - [11/Oct/2019:12:56:54 +0200] "GET /HerokuDemo/BIPMonitor?serverAddress=http%3A%2F%2Flocalhost%3A8080%2Fjavabip-itest%2Freq&add=Add+server HTTP/1.1" 200 2659
0:0:0:0:0:0:0:1 - - [11/Oct/2019:12:56:57 +0200] "GET /HerokuDemo/BIPMonitor?serverAddress=http%3A%2F%2Flocalhost%3A8080%2Fjavabip-itest%2Freq&addedServer=http%3A%2F%2Flocalhost%3A8080%2Fjavabip-itest%2Freq&chooseServer=Choose+initial+server HTTP/1.1" 200 2737
127.0.0.1 - - [11/Oct/2019:12:57:07 +0200] "GET /javabip-itest/req HTTP/1.1" 404 1095
0:0:0:0:0:0:0:1 - - [11/Oct/2019:12:57:40 +0200] "GET /HerokuDemo/compute HTTP/1.1" 500 2027
0:0:0:0:0:0:0:1 - - [11/Oct/2019:12:57:53 +0200] "GET /HerokuDemo/Compute HTTP/1.1" 404 1096
0:0:0:0:0:0:0:1 - - [11/Oct/2019:12:58:00 +0200] "GET /HerokuDemo/compute HTTP/1.1" 500 2027
127.0.0.1 - - [11/Oct/2019:13:00:22 +0200] "GET / HTTP/1.1" 404 1074
0:0:0:0:0:0:0:1 - - [11/Oct/2019:13:00:23 +0200] "GET /HerokuDemo/BIPMonitor HTTP/1.1" 200 2549
0:0:0:0:0:0:0:1 - - [11/Oct/2019:13:00:26 +0200] "GET /HerokuDemo/BIPMonitor?serverAddress=http%3A%2F%2Flocalhost%3A8080%2Fjavabip-itest%2Freq&add=Add+server HTTP/1.1" 200 2659
0:0:0:0:0:0:0:1 - - [11/Oct/2019:13:00:28 +0200] "GET /HerokuDemo/BIPMonitor?serverAddress=http%3A%2F%2Flocalhost%3A8080%2Fjavabip-itest%2Freq&addedServer=http%3A%2F%2Flocalhost%3A8080%2Fjavabip-itest%2Freq&chooseServer=Choose+initial+server HTTP/1.1" 200 2737
127.0.0.1 - - [11/Oct/2019:13:00:35 +0200] "GET /javabip-itest/req HTTP/1.1" 404 1095
0:0:0:0:0:0:0:1 - - [11/Oct/2019:13:00:50 +0200] "GET /HerokuDemo/compute HTTP/1.1" 500 2027
127.0.0.1 - - [11/Oct/2019:13:01:53 +0200] "GET / HTTP/1.1" 404 1074
0:0:0:0:0:0:0:1 - - [11/Oct/2019:13:02:04 +0200] "GET /HerokuDemo/compute HTTP/1.1" 500 2027
127.0.0.1 - - [11/Oct/2019:13:03:35 +0200] "GET / HTTP/1.1" 404 1074
0:0:0:0:0:0:0:1 - - [11/Oct/2019:13:03:45 +0200] "GET /HerokuDemo/compute HTTP/1.1" 200 118
127.0.0.1 - - [11/Oct/2019:13:04:04 +0200] "GET / HTTP/1.1" 404 1074
0:0:0:0:0:0:0:1 - - [11/Oct/2019:13:04:14 +0200] "GET /HerokuDemo/compute HTTP/1.1" 200 118
0:0:0:0:0:0:0:1 - - [11/Oct/2019:13:04:25 +0200] "GET /HerokuDemo/compute HTTP/1.1" 200 118
127.0.0.1 - - [11/Oct/2019:13:08:35 +0200] "GET / HTTP/1.1" 404 1074
0:0:0:0:0:0:0:1 - - [11/Oct/2019:13:08:36 +0200] "GET /HerokuDemo/BIPMonitor HTTP/1.1" 200 2549
0:0:0:0:0:0:0:1 - - [11/Oct/2019:13:08:38 +0200] "GET /HerokuDemo/BIPMonitor?serverAddress=http%3A%2F%2Flocalhost%3A8080%2Fjavabip-itest%2Freq&add=Add+server HTTP/1.1" 200 2659
0:0:0:0:0:0:0:1 - - [11/Oct/2019:13:08:41 +0200] "GET /HerokuDemo/BIPMonitor?serverAddress=http%3A%2F%2Flocalhost%3A8080%2Fjavabip-itest%2Freq&addedServer=http%3A%2F%2Flocalhost%3A8080%2Fjavabip-itest%2Freq&chooseServer=Choose+initial+server HTTP/1.1" 200 2737
127.0.0.1 - - [11/Oct/2019:13:08:46 +0200] "GET /javabip-itest/req HTTP/1.1" 404 1095
127.0.0.1 - - [11/Oct/2019:13:08:58 +0200] "GET /javabip-itest/req HTTP/1.1" 404 1095
127.0.0.1 - - [11/Oct/2019:13:09:07 +0200] "GET /javabip-itest/req HTTP/1.1" 404 1095
0:0:0:0:0:0:0:1 - - [11/Oct/2019:13:09:12 +0200] "GET /HerokuDemo/compute HTTP/1.1" 200 118
127.0.0.1 - - [11/Oct/2019:13:09:20 +0200] "GET /javabip-itest/req HTTP/1.1" 404 1095
0:0:0:0:0:0:0:1 - - [11/Oct/2019:13:09:23 +0200] "GET /HerokuDemo/compute HTTP/1.1" 200 118
0:0:0:0:0:0:0:1 - - [11/Oct/2019:13:09:24 +0200] "GET /HerokuDemo/compute HTTP/1.1" 200 118
0:0:0:0:0:0:0:1 - - [11/Oct/2019:13:09:25 +0200] "GET /HerokuDemo/compute HTTP/1.1" 200 118
0:0:0:0:0:0:0:1 - - [11/Oct/2019:13:09:26 +0200] "GET /HerokuDemo/compute HTTP/1.1" 200 118
0:0:0:0:0:0:0:1 - - [11/Oct/2019:13:09:27 +0200] "GET /HerokuDemo/compute HTTP/1.1" 200 118
0:0:0:0:0:0:0:1 - - [11/Oct/2019:13:09:27 +0200] "GET /HerokuDemo/compute HTTP/1.1" 200 118
0:0:0:0:0:0:0:1 - - [11/Oct/2019:13:09:28 +0200] "GET /HerokuDemo/compute HTTP/1.1" 200 118
0:0:0:0:0:0:0:1 - - [11/Oct/2019:13:09:29 +0200] "GET /HerokuDemo/compute HTTP/1.1" 200 118
127.0.0.1 - - [11/Oct/2019:13:09:44 +0200] "GET / HTTP/1.1" 404 1074
0:0:0:0:0:0:0:1 - - [11/Oct/2019:13:09:45 +0200] "GET /HerokuDemo/BIPMonitor HTTP/1.1" 200 2549
0:0:0:0:0:0:0:1 - - [11/Oct/2019:13:09:48 +0200] "GET /HerokuDemo/BIPMonitor?serverAddress=http%3A%2F%2Flocalhost%3A8080%2Fjavabip-itest%2Freq&add=Add+server HTTP/1.1" 200 2659
0:0:0:0:0:0:0:1 - - [11/Oct/2019:13:09:50 +0200] "GET /HerokuDemo/BIPMonitor?serverAddress=http%3A%2F%2Flocalhost%3A8080%2Fjavabip-itest%2Freq&addedServer=http%3A%2F%2Flocalhost%3A8080%2Fjavabip-itest%2Freq&chooseServer=Choose+initial+server HTTP/1.1" 200 2737
127.0.0.1 - - [11/Oct/2019:13:09:57 +0200] "GET /javabip-itest/req HTTP/1.1" 404 1095
127.0.0.1 - - [11/Oct/2019:13:10:32 +0200] "GET / HTTP/1.1" 404 1074
0:0:0:0:0:0:0:1 - - [11/Oct/2019:13:10:33 +0200] "GET /HerokuDemo/BIPMonitor HTTP/1.1" 200 2549
0:0:0:0:0:0:0:1 - - [11/Oct/2019:13:10:36 +0200] "GET /HerokuDemo/BIPMonitor?serverAddress=http%3A%2F%2Flocalhost%3A8080%2Fjavabip-itest%2Freq&add=Add+server HTTP/1.1" 200 2659
0:0:0:0:0:0:0:1 - - [11/Oct/2019:13:10:39 +0200] "GET /HerokuDemo/BIPMonitor?serverAddress=http%3A%2F%2Flocalhost%3A8080%2Fjavabip-itest%2Freq&addedServer=http%3A%2F%2Flocalhost%3A8080%2Fjavabip-itest%2Freq&chooseServer=Choose+initial+server HTTP/1.1" 200 2737
127.0.0.1 - - [11/Oct/2019:13:10:45 +0200] "GET /javabip-itest/req HTTP/1.1" 404 1095
127.0.0.1 - - [11/Oct/2019:13:10:54 +0200] "GET /javabip-itest/req HTTP/1.1" 404 1095
127.0.0.1 - - [11/Oct/2019:13:11:02 +0200] "GET /javabip-itest/req HTTP/1.1" 404 1095
0:0:0:0:0:0:0:1 - - [11/Oct/2019:13:11:12 +0200] "GET /HerokuDemo/compute HTTP/1.1" 200 118
127.0.0.1 - - [11/Oct/2019:13:11:19 +0200] "GET /javabip-itest/req HTTP/1.1" 404 1095
127.0.0.1 - - [11/Oct/2019:13:11:40 +0200] "GET / HTTP/1.1" 404 1074
0:0:0:0:0:0:0:1 - - [11/Oct/2019:13:11:42 +0200] "GET /HerokuDemo/BIPMonitor HTTP/1.1" 200 2549
0:0:0:0:0:0:0:1 - - [11/Oct/2019:13:11:44 +0200] "GET /HerokuDemo/BIPMonitor?serverAddress=http%3A%2F%2Flocalhost%3A8080%2Fjavabip-itest%2Freq&add=Add+server HTTP/1.1" 200 2659
0:0:0:0:0:0:0:1 - - [11/Oct/2019:13:11:49 +0200] "GET /HerokuDemo/BIPMonitor?serverAddress=http%3A%2F%2Flocalhost%3A8080%2Fjavabip-itest%2Freq&addedServer=http%3A%2F%2Flocalhost%3A8080%2Fjavabip-itest%2Freq&chooseServer=Choose+initial+server HTTP/1.1" 200 2737
127.0.0.1 - - [11/Oct/2019:13:11:55 +0200] "GET /javabip-itest/req HTTP/1.1" 404 1095
0:0:0:0:0:0:0:1 - - [11/Oct/2019:13:12:14 +0200] "GET /HerokuDemo/BIPMonitor? HTTP/1.1" 200 2667
0:0:0:0:0:0:0:1 - - [11/Oct/2019:13:12:14 +0200] "GET /HerokuDemo/styles.css HTTP/1.1" 200 89
127.0.0.1 - - [11/Oct/2019:13:12:21 +0200] "GET /javabip-itest/req HTTP/1.1" 404 1095
127.0.0.1 - - [11/Oct/2019:13:12:32 +0200] "GET /javabip-itest/req HTTP/1.1" 404 1095
127.0.0.1 - - [11/Oct/2019:13:14:10 +0200] "GET /javabip-itest/req HTTP/1.1" 404 1095
0:0:0:0:0:0:0:1 - - [11/Oct/2019:13:14:32 +0200] "GET /HerokuDemo/req HTTP/1.1" 404 1092
0:0:0:0:0:0:0:1 - - [11/Oct/2019:13:14:42 +0200] "GET /HerokuDemo?req=user HTTP/1.1" 302 -
0:0:0:0:0:0:0:1 - - [11/Oct/2019:13:14:42 +0200] "GET /HerokuDemo/?req=user HTTP/1.1" 200 103
0:0:0:0:0:0:0:1 - - [11/Oct/2019:13:14:46 +0200] "GET /HerokuDemo/?req=user HTTP/1.1" 304 -
0:0:0:0:0:0:0:1 - - [11/Oct/2019:13:15:27 +0200] "GET /HerokuDemo?req=user HTTP/1.1" 302 -
0:0:0:0:0:0:0:1 - - [11/Oct/2019:13:15:34 +0200] "GET /HerokuDemo/?req=user HTTP/1.1" 304 -
0:0:0:0:0:0:0:1 - - [11/Oct/2019:13:15:44 +0200] "GET /HerokuDemo?req=user HTTP/1.1" 302 -
127.0.0.1 - - [11/Oct/2019:13:15:58 +0200] "GET /javabip-itest/req HTTP/1.1" 404 1095
127.0.0.1 - - [11/Oct/2019:13:16:05 +0200] "GET /javabip-itest/req HTTP/1.1" 404 1095
127.0.0.1 - - [11/Oct/2019:13:16:24 +0200] "GET /HerokuDemo/BIPMonitor?req=user HTTP/1.1" 200 12
127.0.0.1 - - [11/Oct/2019:13:16:24 +0200] "GET / HTTP/1.1" 404 1074
127.0.0.1 - - [11/Oct/2019:13:16:42 +0200] "GET /HerokuDemo/BIPMonitor? HTTP/1.1" 200 2549
127.0.0.1 - - [11/Oct/2019:13:16:44 +0200] "GET /javabip-itest/req HTTP/1.1" 404 1095
127.0.0.1 - - [11/Oct/2019:13:16:44 +0200] "GET /HerokuDemo/BIPMonitor?serverAddress=http%3A%2F%2Flocalhost%3A8080%2Fjavabip-itest%2Freq&addedServer=http%3A%2F%2Flocalhost%3A8080%2Fjavabip-itest%2Freq&chooseServer=Choose+initial+server HTTP/1.1" 200 2737
127.0.0.1 - - [11/Oct/2019:13:16:45 +0200] "GET /HerokuDemo/BIPMonitor?serverAddress=http%3A%2F%2Flocalhost%3A8080%2Fjavabip-itest%2Freq&add=Add+server HTTP/1.1" 200 2737
127.0.0.1 - - [11/Oct/2019:13:17:03 +0200] "GET /javabip-itest/req HTTP/1.1" 404 1095
0:0:0:0:0:0:0:1 - - [11/Oct/2019:13:17:22 +0200] "GET /HerokuDemo/BIPMonitor/Compute HTTP/1.1" 404 1111
0:0:0:0:0:0:0:1 - - [11/Oct/2019:13:17:25 +0200] "GET /HerokuDemo/BIPMonitor/compute HTTP/1.1" 404 1111
0:0:0:0:0:0:0:1 - - [11/Oct/2019:13:17:33 +0200] "GET /HerokuDemo/compute HTTP/1.1" 200 118
127.0.0.1 - - [11/Oct/2019:14:30:08 +0200] "GET / HTTP/1.1" 404 1074
0:0:0:0:0:0:0:1 - - [11/Oct/2019:14:30:09 +0200] "GET /HerokuDemo/BIPMonitor HTTP/1.1" 200 2549
0:0:0:0:0:0:0:1 - - [11/Oct/2019:14:30:14 +0200] "GET /HerokuDemo/BIPMonitor?serverAddress=http%3A%2F%2Flocalhost%3A8080%2Fjavabip-itest%2Freq&add=Add+server HTTP/1.1" 200 2659
0:0:0:0:0:0:0:1 - - [11/Oct/2019:14:30:18 +0200] "GET /HerokuDemo/BIPMonitor?serverAddress=http%3A%2F%2Flocalhost%3A8080%2Fjavabip-itest%2Freq&addedServer=http%3A%2F%2Flocalhost%3A8080%2Fjavabip-itest%2Freq&chooseServer=Choose+initial+server HTTP/1.1" 200 2737
127.0.0.1 - - [11/Oct/2019:14:30:26 +0200] "GET /javabip-itest/req HTTP/1.1" 404 1095
127.0.0.1 - - [11/Oct/2019:14:57:07 +0200] "GET / HTTP/1.1" 404 1074
0:0:0:0:0:0:0:1 - - [11/Oct/2019:14:57:09 +0200] "GET /HerokuDemo/BIPMonitor HTTP/1.1" 200 2549
0:0:0:0:0:0:0:1 - - [11/Oct/2019:14:57:12 +0200] "GET /HerokuDemo/BIPMonitor?serverAddress=http%3A%2F%2Flocalhost%3A8080%2Fjavabip-itest%2Freq&add=Add+server HTTP/1.1" 200 2659
0:0:0:0:0:0:0:1 - - [11/Oct/2019:14:57:14 +0200] "GET /HerokuDemo/BIPMonitor?serverAddress=http%3A%2F%2Flocalhost%3A8080%2Fjavabip-itest%2Freq&addedServer=http%3A%2F%2Flocalhost%3A8080%2Fjavabip-itest%2Freq&chooseServer=Choose+initial+server HTTP/1.1" 200 2737
127.0.0.1 - - [11/Oct/2019:15:47:35 +0200] "GET / HTTP/1.1" 404 1074
0:0:0:0:0:0:0:1 - - [11/Oct/2019:15:47:36 +0200] "GET /HerokuDemo/BIPMonitor HTTP/1.1" 200 2549
